// Jest Snapshot v1, https://goo.gl/fbAQLP

exports[`First Test 1`] = `
Array [
  Object {
    "date": 2001-12-19T00:00:00.000Z,
    "id": 19,
  },
  Object {
    "date": 2001-12-20T00:00:00.000Z,
    "id": 20,
  },
  Object {
    "date": 2001-12-21T00:00:00.000Z,
    "id": 21,
  },
  Object {
    "date": 2001-12-22T00:00:00.000Z,
    "id": 22,
  },
  Object {
    "date": 2001-12-23T00:00:00.000Z,
    "id": 23,
  },
]
`;
