// Jest Snapshot v1, https://goo.gl/fbAQLP

exports[`First Global Test 1`] = `
Array [
  Object {
    "birthDate": "Sun Dec 23 2001 02:00:00 GMT+0200 (EET)",
    "caseDetect": true,
    "id": 23,
    "sort": 138,
  },
  Object {
    "birthDate": "Fri Dec 21 2001 02:00:00 GMT+0200 (EET)",
    "caseDetect": true,
    "id": 21,
    "sort": 126,
  },
  Object {
    "birthDate": "Wed Dec 19 2001 02:00:00 GMT+0200 (EET)",
    "caseDetect": true,
    "id": 19,
    "sort": 114,
  },
  Object {
    "birthDate": "Mon Dec 17 2001 02:00:00 GMT+0200 (EET)",
    "caseDetect": true,
    "id": 17,
    "sort": 102,
  },
  Object {
    "birthDate": "Mon Dec 03 2001 02:00:00 GMT+0200 (EET)",
    "caseDetect": true,
    "id": 11,
    "sort": 66,
  },
  Object {
    "birthDate": "Wed Oct 03 2001 03:00:00 GMT+0300 (EEST)",
    "caseDetect": true,
    "id": 9,
    "sort": 54,
  },
  Object {
    "birthDate": "Fri Aug 03 2001 03:00:00 GMT+0300 (EEST)",
    "caseDetect": true,
    "id": 7,
    "sort": 42,
  },
  Object {
    "birthDate": "Sun Jun 03 2001 03:00:00 GMT+0300 (EEST)",
    "caseDetect": true,
    "id": 5,
    "sort": 30,
  },
  Object {
    "birthDate": "Tue Apr 03 2001 03:00:00 GMT+0300 (EEST)",
    "caseDetect": true,
    "id": 3,
    "sort": 18,
  },
]
`;
