// Jest Snapshot v1, https://goo.gl/fbAQLP

exports[`ap.filter 1`] = `
Array [
  4,
  5,
]
`;

exports[`ap.recursive.filter 1`] = `
Array [
  4,
  5,
  Array [
    6,
    7,
    8,
    9,
    10,
    Array [
      11,
      12,
    ],
  ],
]
`;
