// Jest Snapshot v1, https://goo.gl/fbAQLP

exports[`ap.join 1`] = `"1~2~3~4~5~6,7,8,9,10,11,12,13,14,15"`;

exports[`ap.recursive.join 1`] = `
Array [
  "1~2~3~4~5",
  Array [
    "6~7~8~9~10",
    Array [
      "11~12~13~14~15",
    ],
  ],
]
`;
