// Jest Snapshot v1, https://goo.gl/fbAQLP

exports[`ap.recursive.sort 1`] = `
Array [
  1,
  2,
  3,
  4,
  5,
  Array [
    6,
    7,
    8,
    9,
    10,
    Array [
      11,
      12,
      13,
      14,
      15,
    ],
  ],
]
`;

exports[`ap.sort 1`] = `
Array [
  1,
  2,
  3,
  4,
  5,
  Array [
    8,
    7,
    6,
    10,
    9,
    Array [
      14,
      12,
      13,
      11,
      15,
    ],
  ],
]
`;
