// Jest Snapshot v1, https://goo.gl/fbAQLP

exports[`ap.recursive.swap 1`] = `
Array [
  1,
  4,
  3,
  2,
  5,
  Array [
    6,
    9,
    8,
    7,
    10,
    Array [
      11,
      14,
      13,
      12,
      15,
    ],
  ],
]
`;

exports[`ap.swap 1`] = `
Array [
  1,
  4,
  3,
  2,
  5,
  Array [
    6,
    7,
    8,
    9,
    10,
    Array [
      11,
      12,
      13,
      14,
      15,
    ],
  ],
]
`;
